This is pdfTeX, Version 3.141592653-2.6-1.40.26 (TeX Live 2024) (preloaded format=pdflatex 2024.10.28)  9 DEC 2024 09:12
entering extended mode
 restricted \write18 enabled.
 file:line:error style messages enabled.
 %&-line parsing enabled.
**/Users/nhamilt2/Documents/Projects/AWAKEN/lidarPOD/article/20240923.AWAKEN.Hamilton.draft.tex
(/Users/nhamilt2/Documents/Projects/AWAKEN/lidarPOD/article/20240923.AWAKEN.Hamilton.draft.tex
LaTeX2e <2023-11-01> patch level 1
L3 programming layer <2024-02-20>
(/usr/local/texlive/2024/texmf-dist/tex/latex/revtex/revtex4-2.cls
Document Class: revtex4-2 2022/06/05 4.2f (https://journals.aps.org/revtex/ for documentation)
 Copyright (c) 2019 American Physical Society.
 mailto:revtex@aps.org
 Licensed under the LPPL:
http://www.ctan.org/tex-archive/macros/latex/base/lppl.txt
 Arthur Ogawa <arthur_ogawa at sbcglobal dot net>
 Based on work by David Carlisle <david at dcarlisle.demon.co.uk>
 Version (4.2d--4.2f): Modified by Mark Doyle and Phelype Oleinik
 .
ltxutil[2022/06/05 4.2f utilities package (portions licensed from W. E. Baxter web at superscript.com)]
LaTeX Info: Redefining \@centercr on input line 356.
Class revtex4-2 Info: Repairing broken LaTeX eqnarray on input line 417.
\eqncolsep=\skip48
Class revtex4-2 Info: Repairing hyperref-unfriendly LaTeX definition of \mpfootnote on input line 492.
Class revtex4-2 Info: Repairing broken LateX \@sect on input line 814.
\intertabularlinepenalty=\count188
\@tbpen=\count189
\@arstrutbox@hline=\box51
Class revtex4-2 Info: Repairing broken LaTeX \@xbitor on input line 1845.
Class revtex4-2 Info: Making \typeout \long on input line 2110.
ltxfront[2022/06/05 4.2f frontmatter package (AO,DPC,MD)]
\c@affil=\count190
\c@collab=\count191
\absbox=\box52
ltxgrid[2022/06/05 4.2f page grid package (portions licensed from W. E. Baxter web at superscript.com)]
\c@linecount=\count192
\output@latex=\toks17
\box@size@1=\box53
\box@size@2=\box54
\@protection@box=\box55
\@topmark@saved=\toks18
\footins@saved=\box56
\footins@recovered=\box57
\column@recovered=\box58
\pagesofar=\box59
\footsofar=\box60
\pagegrid@col=\count193
Class revtex4-2 Info: Overriding \@vspace, \@vspacer, \@no@pgbk, \@newline, and \\  on input line 5676.
\c@part=\count194
\c@section=\count195
\c@subsection=\count196
\c@subsubsection=\count197
\c@paragraph=\count198
\c@subparagraph=\count199
\abovecaptionskip=\skip49
\belowcaptionskip=\skip50
\c@figure=\count266
\fbox@1=\box61
\c@table=\count267
\fbox@2=\box62
\c@video=\count268
\fbox@4=\box63
\@bibdataout=\write3
\widetext@top=\box64
\widetext@bot=\box65
Class revtex4-2 Info: Selecting society aip on input line 7669.
(/usr/local/texlive/2024/texmf-dist/tex/latex/revtex/aip4-2.rtx
File: aip4-2.rtx 2022/06/05 4.2f AIP substyle for REVTeX
Class revtex4-2 Info: RevTeX society AIP selected on input line 88.
)

Class revtex4-2 Warning: No journal specified, using default cha.

Using journal substyle cha.
Class revtex4-2 Info: Reading file aps12pt4-2.rtx on input line 7674.
(/usr/local/texlive/2024/texmf-dist/tex/latex/revtex/aps12pt4-2.rtx
File: aps12pt4-2 2022/06/05 4.2f (https://journals.aps.org/revtex/ for documentation)
Class revtex4-2 Info: RevTeX pointsize 12pt selected on input line 39.
)
Class revtex4-2 Info: Overriding 12pt on input line 7674.
 (/usr/local/texlive/2024/texmf-dist/tex/latex/textcase/textcase.sty
Package: textcase 2023/07/27 v1.04 Text only upper/lower case changing (DPC)
Package textcase Info: Defining Legacy names on input line 20.
) (/usr/local/texlive/2024/texmf-dist/tex/latex/amsfonts/amssymb.sty
Package: amssymb 2013/01/14 v3.01 AMS font symbols
 (/usr/local/texlive/2024/texmf-dist/tex/latex/amsfonts/amsfonts.sty
Package: amsfonts 2013/01/14 v3.01 Basic AMSFonts support
\@emptytoks=\toks19
\symAMSa=\mathgroup4
\symAMSb=\mathgroup5
LaTeX Font Info:    Redeclaring math symbol \hbar on input line 98.
LaTeX Font Info:    Overwriting math alphabet `\mathfrak' in version `bold'
(Font)                  U/euf/m/n --> U/euf/b/n on input line 106.
)) (/usr/local/texlive/2024/texmf-dist/tex/latex/amsmath/amsmath.sty
Package: amsmath 2023/05/13 v2.17o AMS math features
\@mathmargin=\skip51

For additional information on amsmath, use the `?' option.
(/usr/local/texlive/2024/texmf-dist/tex/latex/amsmath/amstext.sty
Package: amstext 2021/08/26 v2.01 AMS text
 (/usr/local/texlive/2024/texmf-dist/tex/latex/amsmath/amsgen.sty
File: amsgen.sty 1999/11/30 v2.0 generic functions
\@emptytoks=\toks20
\ex@=\dimen140
)
LaTeX Info: Redefining \text on input line 28.
) (/usr/local/texlive/2024/texmf-dist/tex/latex/amsmath/amsbsy.sty
Package: amsbsy 1999/11/29 v1.2d Bold Symbols
\pmbraise@=\dimen141
) (/usr/local/texlive/2024/texmf-dist/tex/latex/amsmath/amsopn.sty
Package: amsopn 2022/04/08 v2.04 operator names
)
\inf@bad=\count269
LaTeX Info: Redefining \frac on input line 234.
\uproot@=\count270
\leftroot@=\count271
LaTeX Info: Redefining \overline on input line 399.
LaTeX Info: Redefining \colon on input line 410.
\classnum@=\count272
\DOTSCASE@=\count273
LaTeX Info: Redefining \ldots on input line 496.
LaTeX Info: Redefining \dots on input line 499.
LaTeX Info: Redefining \cdots on input line 620.
\Mathstrutbox@=\box66
\strutbox@=\box67
LaTeX Info: Redefining \big on input line 722.
LaTeX Info: Redefining \Big on input line 723.
LaTeX Info: Redefining \bigg on input line 724.
LaTeX Info: Redefining \Bigg on input line 725.
\big@size=\dimen142
LaTeX Font Info:    Redeclaring font encoding OML on input line 743.
LaTeX Font Info:    Redeclaring font encoding OMS on input line 744.
\macc@depth=\count274
LaTeX Info: Redefining \bmod on input line 905.
LaTeX Info: Redefining \pmod on input line 910.
LaTeX Info: Redefining \smash on input line 940.
LaTeX Info: Redefining \relbar on input line 970.
LaTeX Info: Redefining \Relbar on input line 971.
\c@MaxMatrixCols=\count275
\dotsspace@=\muskip16
\c@parentequation=\count276
\dspbrk@lvl=\count277
\tag@help=\toks21
\row@=\count278
\column@=\count279
\maxfields@=\count280
\andhelp@=\toks22
\eqnshift@=\dimen143
\alignsep@=\dimen144
\tagshift@=\dimen145
\tagwidth@=\dimen146
\totwidth@=\dimen147
\lineht@=\dimen148
\@envbody=\toks23
\multlinegap=\skip52
\multlinetaggap=\skip53
\mathdisplay@stack=\toks24
LaTeX Info: Redefining \[ on input line 2953.
LaTeX Info: Redefining \] on input line 2954.
) (/usr/local/texlive/2024/texmf-dist/tex/latex/url/url.sty
\Urlmuskip=\muskip17
Package: url 2013/09/16  ver 3.4  Verb mode for urls, etc.
) (/usr/local/texlive/2024/texmf-dist/tex/latex/natbib/natbib.sty
Package: natbib 2010/09/13 8.31b (PWD, AO)
\bibhang=\skip54
\bibsep=\skip55
LaTeX Info: Redefining \cite on input line 694.
\c@NAT@ctr=\count281
)
Class revtex4-2 Info: Repairing natbib's \BibitemShut on input line 7676.
 (/usr/local/texlive/2024/texmf-dist/tex/latex/revtex/revsymb4-2.sty
Package: revsymb4-2 2022/06/05 4.2f (https://journals.aps.org/revtex/ for documentation)
LaTeX Info: Redefining \frak on input line 104.
LaTeX Info: Redefining \Bbb on input line 120.
LaTeX Info: Redefining \REV@mathfrak on input line 128.
)) (/usr/local/texlive/2024/texmf-dist/tex/latex/graphics/graphicx.sty
Package: graphicx 2021/09/16 v1.2d Enhanced LaTeX Graphics (DPC,SPQR)
 (/usr/local/texlive/2024/texmf-dist/tex/latex/graphics/keyval.sty
Package: keyval 2022/05/29 v1.15 key=value parser (DPC)
\KV@toks@=\toks25
) (/usr/local/texlive/2024/texmf-dist/tex/latex/graphics/graphics.sty
Package: graphics 2022/03/10 v1.4e Standard LaTeX Graphics (DPC,SPQR)
 (/usr/local/texlive/2024/texmf-dist/tex/latex/graphics/trig.sty
Package: trig 2021/08/11 v1.11 sin cos tan (DPC)
) (/usr/local/texlive/2024/texmf-dist/tex/latex/graphics-cfg/graphics.cfg
File: graphics.cfg 2016/06/04 v1.11 sample graphics configuration
)
Package graphics Info: Driver file: pdftex.def on input line 107.
 (/usr/local/texlive/2024/texmf-dist/tex/latex/graphics-def/pdftex.def
File: pdftex.def 2022/09/22 v1.2b Graphics/color driver for pdftex
))
\Gin@req@height=\dimen149
\Gin@req@width=\dimen150
) (/usr/local/texlive/2024/texmf-dist/tex/latex/tools/dcolumn.sty
Package: dcolumn 2023/07/08 v1.06 decimal alignment package (DPC)
 (/usr/local/texlive/2024/texmf-dist/tex/latex/tools/array.sty
Package: array 2023/10/16 v2.5g Tabular extension package (FMi)
\col@sep=\dimen151
\ar@mcellbox=\box68
\extrarowheight=\dimen152
\NC@list=\toks26
\extratabsurround=\skip56
\backup@length=\skip57
\ar@cellbox=\box69
)) (/usr/local/texlive/2024/texmf-dist/tex/latex/tools/bm.sty
Package: bm 2023/07/08 v1.2f Bold Symbol Support (DPC/FMi)
\symboldoperators=\mathgroup6
\symboldletters=\mathgroup7
\symboldsymbols=\mathgroup8
Package bm Info: No bold for \OMX/cmex/m/n, using \pmb.
Package bm Info: No bold for \U/msa/m/n, using \pmb.
Package bm Info: No bold for \U/msb/m/n, using \pmb.
LaTeX Font Info:    Redeclaring math alphabet \mathbf on input line 149.
LaTeX Info: Redefining \bm on input line 219.
) (/usr/local/texlive/2024/texmf-dist/tex/latex/caption/subcaption.sty
Package: subcaption 2023/07/28 v1.6b Sub-captions (AR)
 (/usr/local/texlive/2024/texmf-dist/tex/latex/caption/caption.sty
Package: caption 2023/08/05 v3.6o Customizing captions (AR)
 (/usr/local/texlive/2024/texmf-dist/tex/latex/caption/caption3.sty
Package: caption3 2023/07/31 v2.4d caption3 kernel (AR)
\caption@tempdima=\dimen153
\captionmargin=\dimen154
\caption@leftmargin=\dimen155
\caption@rightmargin=\dimen156
\caption@width=\dimen157
\caption@indent=\dimen158
\caption@parindent=\dimen159
\caption@hangindent=\dimen160
Package caption Info: Unknown document class (or package),
(caption)             standard defaults will be used.
Package caption Info: \@makecaption = \long macro:#1#2->\par \vskip \abovecaptionskip \begingroup \small \rmfamily \sbox \@tempboxa {\let \\\heading@cr \@make@capt@title {#1}{#2}}\@ifdim {\wd \@tempboxa >\hsize }{\begingroup \samepage \flushing \let \footnote \@footnotemark@gobble \@make@capt@title {#1}{#2}\par \endgroup }{\global \@minipagefalse \hb@xt@ \hsize {\hfil \unhbox \@tempboxa \hfil }}\endgroup \vskip \belowcaptionskip  on input line 1175.
)

Package caption Warning: Unknown document class (or package),
(caption)                standard defaults will be used.
See the caption package documentation for explanation.

\c@caption@flags=\count282
\c@continuedfloat=\count283
)
Package caption Info: New subtype `subfigure' on input line 238.
\c@subfigure=\count284
Package caption Info: New subtype `subtable' on input line 238.
\c@subtable=\count285
) (/usr/local/texlive/2024/texmf-dist/tex/latex/cleveref/cleveref.sty
Package: cleveref 2018/03/27 v0.21.4 Intelligent cross-referencing
Package cleveref Info: always capitalise cross-reference names on input line 7825.
Package cleveref Info: include cross-reference names in hyperlinks on input line 7836.
Package cleveref Info: include cross-reference names in hyperlinks on input line 7852.
Package cleveref Info: always capitalise cross-reference names on input line 7852.
) (/usr/local/texlive/2024/texmf-dist/tex/latex/xcolor/xcolor.sty
Package: xcolor 2023/11/15 v3.01 LaTeX color extensions (UK)
 (/usr/local/texlive/2024/texmf-dist/tex/latex/graphics-cfg/color.cfg
File: color.cfg 2016/01/02 v1.6 sample color configuration
)
Package xcolor Info: Driver file: pdftex.def on input line 274.
 (/usr/local/texlive/2024/texmf-dist/tex/latex/graphics/mathcolor.ltx)
Package xcolor Info: Model `cmy' substituted by `cmy0' on input line 1350.
Package xcolor Info: Model `hsb' substituted by `rgb' on input line 1354.
Package xcolor Info: Model `RGB' extended on input line 1366.
Package xcolor Info: Model `HTML' substituted by `rgb' on input line 1368.
Package xcolor Info: Model `Hsb' substituted by `hsb' on input line 1369.
Package xcolor Info: Model `tHsb' substituted by `hsb' on input line 1370.
Package xcolor Info: Model `HSB' substituted by `hsb' on input line 1371.
Package xcolor Info: Model `Gray' substituted by `gray' on input line 1372.
Package xcolor Info: Model `wave' substituted by `hsb' on input line 1373.
)
Class revtex4-2 Info: Unrecognized array package. Please update this document class! (Proceeding with fingers crossed.) on input line 46.
Class revtex4-2 Info: cite was not loaded (OK!) on input line 46.
Class revtex4-2 Info: mcite was not loaded (OK!) on input line 46.
Class revtex4-2 Info: multicol was not loaded (OK!) on input line 46.
 (/usr/local/texlive/2024/texmf-dist/tex/latex/l3backend/l3backend-pdftex.def
File: l3backend-pdftex.def 2024-02-20 L3 backend support: PDF output (pdfTeX)
\l__color_backend_stack_int=\count286
\l__pdf_internal_box=\box70
) (aux/20240923.AWAKEN.Hamilton.draft.aux

LaTeX Warning: Label `fig:' multiply defined.


LaTeX Warning: Label `fig:@cref' multiply defined.


LaTeX Warning: Label `fig:' multiply defined.


LaTeX Warning: Label `fig:@cref' multiply defined.


LaTeX Warning: Label `fig:' multiply defined.


LaTeX Warning: Label `fig:@cref' multiply defined.

)
\openout1 = `20240923.AWAKEN.Hamilton.draft.aux'.

LaTeX Font Info:    Checking defaults for OML/cmm/m/it on input line 46.
LaTeX Font Info:    ... okay on input line 46.
LaTeX Font Info:    Checking defaults for OMS/cmsy/m/n on input line 46.
LaTeX Font Info:    ... okay on input line 46.
LaTeX Font Info:    Checking defaults for OT1/cmr/m/n on input line 46.
LaTeX Font Info:    ... okay on input line 46.
LaTeX Font Info:    Checking defaults for T1/cmr/m/n on input line 46.
LaTeX Font Info:    ... okay on input line 46.
LaTeX Font Info:    Checking defaults for TS1/cmr/m/n on input line 46.
LaTeX Font Info:    ... okay on input line 46.
LaTeX Font Info:    Checking defaults for OMX/cmex/m/n on input line 46.
LaTeX Font Info:    ... okay on input line 46.
LaTeX Font Info:    Checking defaults for U/cmr/m/n on input line 46.
LaTeX Font Info:    ... okay on input line 46.
 (/usr/local/texlive/2024/texmf-dist/tex/context/base/mkii/supp-pdf.mkii
[Loading MPS to PDF converter (version 2006.09.02).]
\scratchcounter=\count287
\scratchdimen=\dimen161
\scratchbox=\box71
\nofMPsegments=\count288
\nofMParguments=\count289
\everyMPshowfont=\toks27
\MPscratchCnt=\count290
\MPscratchDim=\dimen162
\MPnumerator=\count291
\makeMPintoPDFobject=\count292
\everyMPtoPDFconversion=\toks28
) (/usr/local/texlive/2024/texmf-dist/tex/latex/epstopdf-pkg/epstopdf-base.sty
Package: epstopdf-base 2020-01-24 v2.11 Base part for package epstopdf
 (/usr/local/texlive/2024/texmf-dist/tex/generic/infwarerr/infwarerr.sty
Package: infwarerr 2019/12/03 v1.5 Providing info/warning/error messages (HO)
) (/usr/local/texlive/2024/texmf-dist/tex/latex/grfext/grfext.sty
Package: grfext 2019/12/03 v1.3 Manage graphics extensions (HO)
 (/usr/local/texlive/2024/texmf-dist/tex/generic/kvdefinekeys/kvdefinekeys.sty
Package: kvdefinekeys 2019-12-19 v1.6 Define keys (HO)
)) (/usr/local/texlive/2024/texmf-dist/tex/latex/kvoptions/kvoptions.sty
Package: kvoptions 2022-06-15 v3.15 Key value format for package options (HO)
 (/usr/local/texlive/2024/texmf-dist/tex/generic/ltxcmds/ltxcmds.sty
Package: ltxcmds 2023-12-04 v1.26 LaTeX kernel commands for general use (HO)
) (/usr/local/texlive/2024/texmf-dist/tex/latex/kvsetkeys/kvsetkeys.sty
Package: kvsetkeys 2022-10-05 v1.19 Key value parser (HO)
)) (/usr/local/texlive/2024/texmf-dist/tex/generic/pdftexcmds/pdftexcmds.sty
Package: pdftexcmds 2020-06-27 v0.33 Utility functions of pdfTeX for LuaTeX (HO)
 (/usr/local/texlive/2024/texmf-dist/tex/generic/iftex/iftex.sty
Package: iftex 2022/02/03 v1.0f TeX engine tests
)
Package pdftexcmds Info: \pdf@primitive is available.
Package pdftexcmds Info: \pdf@ifprimitive is available.
Package pdftexcmds Info: \pdfdraftmode found.
)
Package epstopdf-base Info: Redefining graphics rule for `.eps' on input line 485.
Package grfext Info: Graphics extension search list:
(grfext)             [.pdf,.png,.jpg,.mps,.jpeg,.jbig2,.jb2,.PDF,.PNG,.JPG,.JPEG,.JBIG2,.JB2,.eps]
(grfext)             \AppendGraphicsExtensions on input line 504.
 (/usr/local/texlive/2024/texmf-dist/tex/latex/latexconfig/epstopdf-sys.cfg
File: epstopdf-sys.cfg 2010/07/13 v1.3 Configuration of (r)epstopdf for TeX Live
))
Package caption Info: Begin \AtBeginDocument code.
Package caption Info: End \AtBeginDocument code.
\openout3 = `20240923.AWAKEN.Hamilton.draftNotes.bib'.

LaTeX Font Info:    Trying to load font information for U+msa on input line 80.
 (/usr/local/texlive/2024/texmf-dist/tex/latex/amsfonts/umsa.fd
File: umsa.fd 2013/01/14 v3.01 AMS symbols A
)
LaTeX Font Info:    Trying to load font information for U+msb on input line 80.
 (/usr/local/texlive/2024/texmf-dist/tex/latex/amsfonts/umsb.fd
File: umsb.fd 2013/01/14 v3.01 AMS symbols B
) [1{/usr/local/texlive/2024/texmf-var/fonts/map/pdftex/updmap/pdftex.map}] [2] [3] [4] [5]
<figs/caseCounts_20240828.pdf, id=34, 281.32039pt x 172.6287pt>
File: figs/caseCounts_20240828.pdf Graphic file (type pdf)
<use figs/caseCounts_20240828.pdf>
Package pdftex.def Info: figs/caseCounts_20240828.pdf  used on input line 247.
(pdftex.def)             Requested size: 234.0pt x 143.59258pt.


LaTeX Warning: `h' float specifier changed to `ht'.

[6]

Package natbib Warning: Citation `a2e_awaken_kS_metTower' on page 7 undefined on input line 271.

<figs/windrose_20240828.pdf, id=39, 352.40628pt x 254.62314pt>
File: figs/windrose_20240828.pdf Graphic file (type pdf)
<use figs/windrose_20240828.pdf>
Package pdftex.def Info: figs/windrose_20240828.pdf  used on input line 282.
(pdftex.def)             Requested size: 280.80286pt x 202.90231pt.
<figs/20240923.AWAKEN.awakenSchem.png, id=40, 280.977pt x 369.234pt>
File: figs/20240923.AWAKEN.awakenSchem.png Graphic file (type png)
<use figs/20240923.AWAKEN.awakenSchem.png>
Package pdftex.def Info: figs/20240923.AWAKEN.awakenSchem.png  used on input line 285.
(pdftex.def)             Requested size: 177.84229pt x 233.70601pt.
[7 <./figs/caseCounts_20240828.pdf>]
<figs/20241206.RAAW.windrose.pdf, id=74, 352.40628pt x 254.62314pt>
File: figs/20241206.RAAW.windrose.pdf Graphic file (type pdf)
<use figs/20241206.RAAW.windrose.pdf>
Package pdftex.def Info: figs/20241206.RAAW.windrose.pdf  used on input line 295.
(pdftex.def)             Requested size: 280.80286pt x 202.90231pt.
<figs/20241206.RAAW.schem.pdf, id=75, 227.85126pt x 433.62pt>
File: figs/20241206.RAAW.schem.pdf Graphic file (type pdf)
<use figs/20241206.RAAW.schem.pdf>
Package pdftex.def Info: figs/20241206.RAAW.schem.pdf  used on input line 298.
(pdftex.def)             Requested size: 140.40143pt x 267.20073pt.
 [8 <./figs/windrose_20240828.pdf> <./figs/20240923.AWAKEN.awakenSchem.png>] [9 <./figs/20241206.RAAW.windrose.pdf> <./figs/20241206.RAAW.schem.pdf>] [10]
<figs/20240911.AWAKEN.power.curve.cases.png, id=179, 414.8298pt x 244.2726pt>
File: figs/20240911.AWAKEN.power.curve.cases.png Graphic file (type png)
<use figs/20240911.AWAKEN.power.curve.cases.png>
Package pdftex.def Info: figs/20240911.AWAKEN.power.curve.cases.png  used on input line 372.
(pdftex.def)             Requested size: 304.19714pt x 179.13007pt.
 [11]
<figs/20241205.inflowStats.pdf, id=183, 570.40446pt x 281.05898pt>
File: figs/20241205.inflowStats.pdf Graphic file (type pdf)
<use figs/20241205.inflowStats.pdf>
Package pdftex.def Info: figs/20241205.inflowStats.pdf  used on input line 397.
(pdftex.def)             Requested size: 468.0pt x 230.61136pt.


LaTeX Warning: `h' float specifier changed to `ht'.

<figs/20240924.AWAKEN.inflow.WS.TS.ST.png, id=184, 714.5094pt x 172.4844pt>
File: figs/20240924.AWAKEN.inflow.WS.TS.ST.png Graphic file (type png)
<use figs/20240924.AWAKEN.inflow.WS.TS.ST.png>
Package pdftex.def Info: figs/20240924.AWAKEN.inflow.WS.TS.ST.png  used on input line 404.
(pdftex.def)             Requested size: 468.0pt x 112.97679pt.

LaTeX Warning: `h' float specifier changed to `ht'.

[12 <./figs/20240911.AWAKEN.power.curve.cases.png>] [13 <./figs/20241205.inflowStats.pdf> <./figs/20240924.AWAKEN.inflow.WS.TS.ST.png>]
<figs/U.lidar.20230811.103025.png, id=245, 342.078pt x 172.4844pt>
File: figs/U.lidar.20230811.103025.png Graphic file (type png)
<use figs/U.lidar.20230811.103025.png>
Package pdftex.def Info: figs/U.lidar.20230811.103025.png  used on input line 423.
(pdftex.def)             Requested size: 224.638pt x 113.27156pt.
<figs/U.lidar.20230904.103035.png, id=246, 342.078pt x 172.4844pt>
File: figs/U.lidar.20230904.103035.png Graphic file (type png)
<use figs/U.lidar.20230904.103035.png>
Package pdftex.def Info: figs/U.lidar.20230904.103035.png  used on input line 426.
(pdftex.def)             Requested size: 224.638pt x 113.27156pt.
<figs/U.lidar.20230919.063055.png, id=247, 339.669pt x 172.4844pt>
File: figs/U.lidar.20230919.063055.png Graphic file (type png)
<use figs/U.lidar.20230919.063055.png>
Package pdftex.def Info: figs/U.lidar.20230919.063055.png  used on input line 430.
(pdftex.def)             Requested size: 224.638pt x 114.0743pt.
<figs/U.lidar.20231025.063015.png, id=248, 338.7054pt x 172.4844pt>
File: figs/U.lidar.20231025.063015.png Graphic file (type png)
<use figs/U.lidar.20231025.063015.png>
Package pdftex.def Info: figs/U.lidar.20231025.063015.png  used on input line 433.
(pdftex.def)             Requested size: 224.638pt x 114.39539pt.
<figs/crossSection.lidar.20230811.103025.png, id=249, 333.8874pt x 220.1826pt>
File: figs/crossSection.lidar.20230811.103025.png Graphic file (type png)
<use figs/crossSection.lidar.20230811.103025.png>
Package pdftex.def Info: figs/crossSection.lidar.20230811.103025.png  used on input line 446.
(pdftex.def)             Requested size: 224.638pt x 148.13976pt.
<figs/crossSection.lidar.20230904.103035.png, id=250, 340.1508pt x 220.1826pt>
File: figs/crossSection.lidar.20230904.103035.png Graphic file (type png)
<use figs/crossSection.lidar.20230904.103035.png>
Package pdftex.def Info: figs/crossSection.lidar.20230904.103035.png  used on input line 449.
(pdftex.def)             Requested size: 224.638pt x 145.41167pt.
<figs/crossSection.lidar.20230919.103116.png, id=251, 340.1508pt x 220.1826pt>
File: figs/crossSection.lidar.20230919.103116.png Graphic file (type png)
<use figs/crossSection.lidar.20230919.103116.png>
Package pdftex.def Info: figs/crossSection.lidar.20230919.103116.png  used on input line 453.
(pdftex.def)             Requested size: 224.638pt x 145.41167pt.
<figs/crossSection.lidar.20231025.063015.png, id=252, 340.1508pt x 220.1826pt>
File: figs/crossSection.lidar.20231025.063015.png Graphic file (type png)
<use figs/crossSection.lidar.20231025.063015.png>
Package pdftex.def Info: figs/crossSection.lidar.20231025.063015.png  used on input line 456.
(pdftex.def)             Requested size: 224.638pt x 145.41167pt.
<figs/20230904.AWAKEN.lidarX103004.png, id=253, 339.1872pt x 245.2362pt>
File: figs/20230904.AWAKEN.lidarX103004.png Graphic file (type png)
<use figs/20230904.AWAKEN.lidarX103004.png>
Package pdftex.def Info: figs/20230904.AWAKEN.lidarX103004.png  used on input line 467.
(pdftex.def)             Requested size: 234.0pt x 169.1907pt.


LaTeX Warning: `h' float specifier changed to `ht'.

[14 <./figs/U.lidar.20230811.103025.png> <./figs/U.lidar.20230904.103035.png> <./figs/U.lidar.20230919.063055.png> <./figs/U.lidar.20231025.063015.png>]
<figs/yawCorrectedWakeCenter_20240925.pdf, id=261, 387.40985pt x 220.35558pt>
File: figs/yawCorrectedWakeCenter_20240925.pdf Graphic file (type pdf)
<use figs/yawCorrectedWakeCenter_20240925.pdf>
Package pdftex.def Info: figs/yawCorrectedWakeCenter_20240925.pdf  used on input line 495.
(pdftex.def)             Requested size: 234.0pt x 133.09529pt.


LaTeX Warning: `h' float specifier changed to `ht'.

<figs/wakeCenter_byRange_20240927.pdf, id=262, 714.68802pt x 206.80449pt>
File: figs/wakeCenter_byRange_20240927.pdf Graphic file (type pdf)
<use figs/wakeCenter_byRange_20240927.pdf>
Package pdftex.def Info: figs/wakeCenter_byRange_20240927.pdf  used on input line 505.
(pdftex.def)             Requested size: 468.0pt x 135.42479pt.
[15 <./figs/crossSection.lidar.20230811.103025.png> <./figs/crossSection.lidar.20230904.103035.png> <./figs/crossSection.lidar.20230919.103116.png> <./figs/crossSection.lidar.20231025.063015.png>]

LaTeX Warning: `h' float specifier changed to `ht'.

[16 <./figs/20230904.AWAKEN.lidarX103004.png> <./figs/yawCorrectedWakeCenter_20240925.pdf>]
<figs/lidarScan_700_wakeCenters_20240925.png, id=313, 342.078pt x 172.4844pt>
File: figs/lidarScan_700_wakeCenters_20240925.png Graphic file (type png)
<use figs/lidarScan_700_wakeCenters_20240925.png>
Package pdftex.def Info: figs/lidarScan_700_wakeCenters_20240925.png  used on input line 519.
(pdftex.def)             Requested size: 229.32257pt x 115.63501pt.
<figs/lidarScan_-70_wakeCenters_20240925.png, id=314, 342.078pt x 172.4844pt>
File: figs/lidarScan_-70_wakeCenters_20240925.png Graphic file (type png)
<use figs/lidarScan_-70_wakeCenters_20240925.png>
Package pdftex.def Info: figs/lidarScan_-70_wakeCenters_20240925.png  used on input line 522.
(pdftex.def)             Requested size: 229.32257pt x 115.63501pt.
 [17 <./figs/wakeCenter_byRange_20240927.pdf> <./figs/lidarScan_700_wakeCenters_20240925.png> <./figs/lidarScan_-70_wakeCenters_20240925.png>]
<figs/wake_center_advection_20240925.pdf, id=354, 352.76544pt x 208.9958pt>
File: figs/wake_center_advection_20240925.pdf Graphic file (type pdf)
<use figs/wake_center_advection_20240925.pdf>
Package pdftex.def Info: figs/wake_center_advection_20240925.pdf  used on input line 538.
(pdftex.def)             Requested size: 266.76343pt x 158.04758pt.
<figs/wake_center_kde_20240925.pdf, id=355, 271.88074pt x 208.94781pt>
File: figs/wake_center_kde_20240925.pdf Graphic file (type pdf)
<use figs/wake_center_kde_20240925.pdf>
Package pdftex.def Info: figs/wake_center_kde_20240925.pdf  used on input line 541.
(pdftex.def)             Requested size: 196.55914pt x 151.06082pt.
<figs/wake_center_spectra_20240927.pdf, id=356, 280.72606pt x 168.50955pt>
File: figs/wake_center_spectra_20240927.pdf Graphic file (type pdf)
<use figs/wake_center_spectra_20240927.pdf>
Package pdftex.def Info: figs/wake_center_spectra_20240927.pdf  used on input line 563.
(pdftex.def)             Requested size: 224.638pt x 134.84381pt.
<figs/wake_center_premult_20240927.pdf, id=357, 279.2928pt x 168.50955pt>
File: figs/wake_center_premult_20240927.pdf Graphic file (type pdf)
<use figs/wake_center_premult_20240927.pdf>
Package pdftex.def Info: figs/wake_center_premult_20240927.pdf  used on input line 566.
(pdftex.def)             Requested size: 224.638pt x 135.53806pt.
 [18 <./figs/wake_center_advection_20240925.pdf> <./figs/wake_center_kde_20240925.pdf>]
<figs/20240923.AWAKEN.cumLamNorm.png, id=421, 353.1594pt x 208.6194pt>
File: figs/20240923.AWAKEN.cumLamNorm.png Graphic file (type png)
<use figs/20240923.AWAKEN.cumLamNorm.png>
Package pdftex.def Info: figs/20240923.AWAKEN.cumLamNorm.png  used on input line 591.
(pdftex.def)             Requested size: 280.80286pt x 165.87709pt.


LaTeX Warning: `h' float specifier changed to `ht'.

[19 <./figs/wake_center_spectra_20240927.pdf> <./figs/wake_center_premult_20240927.pdf>]
<figs/20240826.AWAKEN.all.modes.png, id=482, 709.6914pt x 569.0058pt>
File: figs/20240826.AWAKEN.all.modes.png Graphic file (type png)
<use figs/20240826.AWAKEN.all.modes.png>
Package pdftex.def Info: figs/20240826.AWAKEN.all.modes.png  used on input line 607.
(pdftex.def)             Requested size: 468.0pt x 375.22374pt.


LaTeX Warning: `h' float specifier changed to `ht'.

[20 <./figs/20240923.AWAKEN.cumLamNorm.png>] [21 <./figs/20240826.AWAKEN.all.modes.png>]
<figs/modesPerRom_20240828.png, id=491, 513.5988pt x 183.5658pt>
File: figs/modesPerRom_20240828.png Graphic file (type png)
<use figs/modesPerRom_20240828.png>
Package pdftex.def Info: figs/modesPerRom_20240828.png  used on input line 650.
(pdftex.def)             Requested size: 468.0pt x 167.2692pt.
 [22 <./figs/modesPerRom_20240828.png>]
<figs/20241203.romSpectra.pdf, id=496, 285.66725pt x 185.69376pt>
File: figs/20241203.romSpectra.pdf Graphic file (type pdf)
<use figs/20241203.romSpectra.pdf>
Package pdftex.def Info: figs/20241203.romSpectra.pdf  used on input line 676.
(pdftex.def)             Requested size: 229.32257pt x 149.07089pt.
<figs/20241203.romCoherenceSpectra.pdf, id=497, 285.66725pt x 185.69376pt>
File: figs/20241203.romCoherenceSpectra.pdf Graphic file (type pdf)
<use figs/20241203.romCoherenceSpectra.pdf>
Package pdftex.def Info: figs/20241203.romCoherenceSpectra.pdf  used on input line 679.
(pdftex.def)             Requested size: 229.32257pt x 149.07089pt.
<figs/20240927.AWAKEN.averageCoherence.png, id=498, 582.978pt x 211.5102pt>
File: figs/20240927.AWAKEN.averageCoherence.png Graphic file (type png)
<use figs/20240927.AWAKEN.averageCoherence.png>
Package pdftex.def Info: figs/20240927.AWAKEN.averageCoherence.png  used on input line 694.
(pdftex.def)             Requested size: 421.19714pt x 152.81651pt.
<figs/20240925.AWAKEN.meanMeanderingCoherence.png, id=499, 581.5326pt x 211.5102pt>
File: figs/20240925.AWAKEN.meanMeanderingCoherence.png Graphic file (type png)
<use figs/20240925.AWAKEN.meanMeanderingCoherence.png>
Package pdftex.def Info: figs/20240925.AWAKEN.meanMeanderingCoherence.png  used on input line 697.
(pdftex.def)             Requested size: 421.19714pt x 153.20056pt.
 [23 <./figs/20241203.romSpectra.pdf> <./figs/20241203.romCoherenceSpectra.pdf>]
<figs/20241204.vareps_by_ROM.pdf, id=572, 281.41951pt x 172.6287pt>
File: figs/20241204.vareps_by_ROM.pdf Graphic file (type pdf)
<use figs/20241204.vareps_by_ROM.pdf>
Package pdftex.def Info: figs/20241204.vareps_by_ROM.pdf  used on input line 714.
(pdftex.def)             Requested size: 229.32257pt x 140.67664pt.
<figs/meanderCoherenceByNModes_20240927.pdf, id=573, 281.41951pt x 172.6287pt>
File: figs/meanderCoherenceByNModes_20240927.pdf Graphic file (type pdf)
<use figs/meanderCoherenceByNModes_20240927.pdf>
Package pdftex.def Info: figs/meanderCoherenceByNModes_20240927.pdf  used on input line 717.
(pdftex.def)             Requested size: 229.32257pt x 140.67664pt.
 [24 <./figs/20240927.AWAKEN.averageCoherence.png> <./figs/20240925.AWAKEN.meanMeanderingCoherence.png>] [25 <./figs/20241204.vareps_by_ROM.pdf> <./figs/meanderCoherenceByNModes_20240927.pdf>]
<figs/20241203.modeEffectBar.pdf, id=648, 279.88065pt x 172.6287pt>
File: figs/20241203.modeEffectBar.pdf Graphic file (type pdf)
<use figs/20241203.modeEffectBar.pdf>
Package pdftex.def Info: figs/20241203.modeEffectBar.pdf  used on input line 779.
(pdftex.def)             Requested size: 251.89024pt x 155.36436pt.
<figs/20241203.modeInteractionHeatMap.pdf, id=649, 246.1523pt x 193.35255pt>
File: figs/20241203.modeInteractionHeatMap.pdf Graphic file (type pdf)
<use figs/20241203.modeInteractionHeatMap.pdf>
Package pdftex.def Info: figs/20241203.modeInteractionHeatMap.pdf  used on input line 782.
(pdftex.def)             Requested size: 206.76651pt x 162.41502pt.

Overfull \hbox (24.2468pt too wide) in paragraph at lines 782--783
 [][] 
 []

<figs/20241203.vareps.allmodes.pdf, id=650, 564.8195pt x 490.09476pt>
File: figs/20241203.vareps.allmodes.pdf Graphic file (type pdf)
<use figs/20241203.vareps.allmodes.pdf>
Package pdftex.def Info: figs/20241203.vareps.allmodes.pdf  used on input line 790.
(pdftex.def)             Requested size: 468.0pt x 406.08307pt.

LaTeX Warning: `h' float specifier changed to `ht'.

<figs/20241203.vareps.highGammaPairs.pdf, id=651, 564.8195pt x 128.38339pt>
File: figs/20241203.vareps.highGammaPairs.pdf Graphic file (type pdf)
<use figs/20241203.vareps.highGammaPairs.pdf>
Package pdftex.def Info: figs/20241203.vareps.highGammaPairs.pdf  used on input line 797.
(pdftex.def)             Requested size: 468.0pt x 106.37599pt.

LaTeX Warning: `h' float specifier changed to `ht'.

<figs/20241205.residualHist.pdf, id=652, 284.77328pt x 185.3644pt>
File: figs/20241205.residualHist.pdf Graphic file (type pdf)
<use figs/20241205.residualHist.pdf>
Package pdftex.def Info: figs/20241205.residualHist.pdf  used on input line 805.
(pdftex.def)             Requested size: 210.59857pt x 137.08546pt.
<figs/20241205.residual_byNmodes.pdf, id=653, 279.83609pt x 172.6287pt>
File: figs/20241205.residual_byNmodes.pdf Graphic file (type pdf)
<use figs/20241205.residual_byNmodes.pdf>
Package pdftex.def Info: figs/20241205.residual_byNmodes.pdf  used on input line 808.
(pdftex.def)             Requested size: 224.638pt x 138.5799pt.
<figs/20241204.beta.meanRange.pdf, id=654, 276.5394pt x 184.0313pt>
File: figs/20241204.beta.meanRange.pdf Graphic file (type pdf)
<use figs/20241204.beta.meanRange.pdf>
Package pdftex.def Info: figs/20241204.beta.meanRange.pdf  used on input line 817.
(pdftex.def)             Requested size: 224.638pt x 149.49416pt.
<figs/20241204.beta.violinJitter.pdf, id=655, 276.5394pt x 184.0313pt>
File: figs/20241204.beta.violinJitter.pdf Graphic file (type pdf)
<use figs/20241204.beta.violinJitter.pdf>
Package pdftex.def Info: figs/20241204.beta.violinJitter.pdf  used on input line 820.
(pdftex.def)             Requested size: 224.638pt x 149.49416pt.
<figs/20241203.modeInteractionHeatMap_mean.pdf, id=656, 245.931pt x 187.24316pt>
File: figs/20241203.modeInteractionHeatMap_mean.pdf Graphic file (type pdf)
<use figs/20241203.modeInteractionHeatMap_mean.pdf>
Package pdftex.def Info: figs/20241203.modeInteractionHeatMap_mean.pdf  used on input line 829.
(pdftex.def)             Requested size: 224.638pt x 171.03723pt.
<figs/20241203.modeInteractionHeatMap_std.pdf, id=657, 274.50537pt x 213.44017pt>
File: figs/20241203.modeInteractionHeatMap_std.pdf Graphic file (type pdf)
<use figs/20241203.modeInteractionHeatMap_std.pdf>
Package pdftex.def Info: figs/20241203.modeInteractionHeatMap_std.pdf  used on input line 832.
(pdftex.def)             Requested size: 224.638pt x 174.66707pt.
<figs/20241204.lamda_v_beta.pdf, id=658, 423.86308pt x 207.206pt>
File: figs/20241204.lamda_v_beta.pdf Graphic file (type pdf)
<use figs/20241204.lamda_v_beta.pdf>
Package pdftex.def Info: figs/20241204.lamda_v_beta.pdf  used on input line 840.
(pdftex.def)             Requested size: 327.59857pt x 160.15298pt.

LaTeX Warning: `h' float specifier changed to `ht'.

(aux/20240923.AWAKEN.Hamilton.draft.bbl [26 <./figs/20241203.modeEffectBar.pdf> <./figs/20241203.modeInteractionHeatMap.pdf>] [27 <./figs/20241203.vareps.allmodes.pdf>] [28 <./figs/20241203.vareps.highGammaPairs.pdf> <./figs/20241205.residualHist.pdf> <./figs/20241205.residual_byNmodes.pdf> <./figs/20241204.beta.meanRange.pdf> <./figs/20241204.beta.violinJitter.pdf>] [29 <./figs/20241203.modeInteractionHeatMap_mean.pdf> <./figs/20241203.modeInteractionHeatMap_std.pdf> <./figs/20241204.lamda_v_beta.pdf>] [30] [31] [32])

Package natbib Warning: There were undefined citations.

[33] (aux/20240923.AWAKEN.Hamilton.draft.aux)
 ***********
LaTeX2e <2023-11-01> patch level 1
L3 programming layer <2024-02-20>
 ***********


LaTeX Warning: There were multiply-defined labels.

 ) 
Here is how much of TeX's memory you used:
 9611 strings out of 474116
 172477 string characters out of 5743681
 1939187 words of memory out of 5000000
 31867 multiletter control sequences out of 15000+600000
 571356 words of font info for 85 fonts, out of 8000000 for 9000
 1141 hyphenation exceptions out of 8191
 71i,9n,79p,1432b,445s stack positions out of 10000i,1000n,20000p,200000b,200000s
</usr/local/texlive/2024/texmf-dist/fonts/type1/public/amsfonts/cm/cmbx12.pfb></usr/local/texlive/2024/texmf-dist/fonts/type1/public/amsfonts/cm/cmbx8.pfb></usr/local/texlive/2024/texmf-dist/fonts/type1/public/amsfonts/cm/cmex10.pfb></usr/local/texlive/2024/texmf-dist/fonts/type1/public/amsfonts/cm/cmmi12.pfb></usr/local/texlive/2024/texmf-dist/fonts/type1/public/amsfonts/cm/cmmi6.pfb></usr/local/texlive/2024/texmf-dist/fonts/type1/public/amsfonts/cm/cmmi8.pfb></usr/local/texlive/2024/texmf-dist/fonts/type1/public/amsfonts/cm/cmmib10.pfb></usr/local/texlive/2024/texmf-dist/fonts/type1/public/amsfonts/cm/cmr10.pfb></usr/local/texlive/2024/texmf-dist/fonts/type1/public/amsfonts/cm/cmr12.pfb></usr/local/texlive/2024/texmf-dist/fonts/type1/public/amsfonts/cm/cmr7.pfb></usr/local/texlive/2024/texmf-dist/fonts/type1/public/amsfonts/cm/cmr8.pfb></usr/local/texlive/2024/texmf-dist/fonts/type1/public/amsfonts/cm/cmss12.pfb></usr/local/texlive/2024/texmf-dist/fonts/type1/public/amsfonts/cm/cmssbx10.pfb></usr/local/texlive/2024/texmf-dist/fonts/type1/public/amsfonts/cm/cmsy10.pfb></usr/local/texlive/2024/texmf-dist/fonts/type1/public/amsfonts/cm/cmsy8.pfb></usr/local/texlive/2024/texmf-dist/fonts/type1/public/amsfonts/cm/cmti12.pfb></usr/local/texlive/2024/texmf-dist/fonts/type1/public/amsfonts/cm/cmtt12.pfb></usr/local/texlive/2024/texmf-dist/fonts/type1/public/amsfonts/symbols/msam10.pfb></usr/local/texlive/2024/texmf-dist/fonts/type1/public/amsfonts/symbols/msbm10.pfb>
Output written on aux/20240923.AWAKEN.Hamilton.draft.pdf (33 pages, 2232219 bytes).
PDF statistics:
 1088 PDF objects out of 1200 (max. 8388607)
 356 compressed objects within 4 object streams
 0 named destinations out of 1000 (max. 500000)
 226 words of extra memory for PDF output out of 10000 (max. 10000000)

